Testing efficacy_scorer imports...
  [OK] efficacy_scorer.scorer imports
Testing services.efficacy_scorer compatibility...
  [OK] services.efficacy_scorer compatibility imports
Testing efficacy_scorer.routes...
python : Traceback (most recent call last):
所在位置 行:1 字符: 81
+ ... 1\backend ; python _test_efficacy_scorer.py > test_output.txt
 2>&1 ;  ...
+                 ~~~~~~~~~~~~~~~~~~~~~~~~~~~~~~~~~~~~~~~~~~~~~~~~~
~~~~~
    + CategoryInfo          : NotSpecified: (Traceback (most recen 
   t call last)::String) [], RemoteException
    + FullyQualifiedErrorId : NativeCommandError
 
  File "C:\Users\AHS\Desktop\AI_solo_coder_task_A\AI_solo_coder_tas
k_B_081\backend\_test_efficacy_scorer.py", line 27, in <module>
    from efficacy_scorer.routes import router
  File "C:\Users\AHS\Desktop\AI_solo_coder_task_A\AI_solo_coder_tas
k_B_081\backend\efficacy_scorer\routes.py", line 4, in <module>
    from database.mongodb import get_collection
  File "C:\Users\AHS\Desktop\AI_solo_coder_task_A\AI_solo_coder_tas
k_B_081\backend\database\mongodb.py", line 1, in <module>
    from pymongo import MongoClient
ModuleNotFoundError: No module named 'pymongo'
